/var/spool/slurmd/job10782723/slurm_script: line 13: /data/stat-cadd/scat9264/qsar_qm_models/bin/micromamba: No such file or directory
/var/spool/slurmd/job10782723/slurm_script: line 14: micromamba: command not found
Already on 'noise_strategy2'
Your branch is up to date with 'origin/noise_strategy2'.
=== MINI DATA GENERATION FOR PAIR IDENTIFICATION ===
Sample size: 5000
Sections: 0-2 only
Started at: Tue 28 Oct 17:37:43 GMT 2025

=== SECTION 0: Baseline Performance ===
[1/0] Running: sec0_bitvector
✗ FAILED: sec0_bitvector
[2/0] Running: sec0_graph
✗ FAILED: sec0_graph
[3/0] Running: sec0_nn
✗ FAILED: sec0_nn
[4/0] Running: sec0_quantile
✗ FAILED: sec0_quantile
=== SECTION 1: Noise Robustness ===
[5/0] Running: sec1_bitvector
✗ FAILED: sec1_bitvector
[6/0] Running: sec1_graph
✗ FAILED: sec1_graph
[7/0] Running: sec1_nn_baseline
✗ FAILED: sec1_nn_baseline
[8/0] Running: sec1_nn_full
✗ FAILED: sec1_nn_full
[9/0] Running: sec1_nn_lastlayer
✗ FAILED: sec1_nn_lastlayer
[10/0] Running: sec1_nn_variational
✗ FAILED: sec1_nn_variational
[11/0] Running: sec1_quantile
✗ FAILED: sec1_quantile
=== SECTION 2: Uncertainty Quantification ===
[12/0] Running: sec2_quantile_unc
✗ FAILED: sec2_quantile_unc
[13/0] Running: sec2_bnn_full_unc
✗ FAILED: sec2_bnn_full_unc
[14/0] Running: sec2_bnn_lastlayer_unc
✗ FAILED: sec2_bnn_lastlayer_unc
[15/0] Running: sec2_bnn_variational_unc
✗ FAILED: sec2_bnn_variational_unc
[16/0] Running: sec2_conformal_rf
✗ FAILED: sec2_conformal_rf
[17/0] Running: sec2_conformal_qrf
✗ FAILED: sec2_conformal_qrf
[18/0] Running: sec2_conformal_dnn
✗ FAILED: sec2_conformal_dnn

=== MINI DATA GENERATION COMPLETED ===
Finished at: Tue 28 Oct 17:37:46 GMT 2025

Next steps:
1. Run: python3 analyze_top_pairs.py results_mini/
2. Review top pairs and select ones to highlight
3. Update plotting script with selected pairs
4. Update full data generation script with selected pairs
